app/api/chat/route.ts(11,5): error TS2322: Type 'LanguageModelV2' is not assignable to type 'LanguageModel'.
  Type 'LanguageModelV2' is not assignable to type '(string & {}) | LanguageModelV2'.
    Type 'import("C:/Users/georg/OneDrive/\u00C1rea de Trabalho/Barber maps/node_modules/.pnpm/@ai-sdk+provider@2.0.0/node_modules/@ai-sdk/provider/dist/index").LanguageModelV2' is not assignable to type 'import("C:/Users/georg/OneDrive/\u00C1rea de Trabalho/Barber maps/node_modules/.pnpm/@ai-sdk+provider@3.0.0/node_modules/@ai-sdk/provider/dist/index").LanguageModelV2'.
      Types of property 'doGenerate' are incompatible.
        Type '(options: import("C:/Users/georg/OneDrive/\u00C1rea de Trabalho/Barber maps/node_modules/.pnpm/@ai-sdk+provider@2.0.0/node_modules/@ai-sdk/provider/dist/index").LanguageModelV2CallOptions) => PromiseLike<...>' is not assignable to type '(options: import("C:/Users/georg/OneDrive/\u00C1rea de Trabalho/Barber maps/node_modules/.pnpm/@ai-sdk+provider@3.0.0/node_modules/@ai-sdk/provider/dist/index").LanguageModelV2CallOptions) => PromiseLike<...>'.
          Types of parameters 'options' and 'options' are incompatible.
            Type 'import("C:/Users/georg/OneDrive/\u00C1rea de Trabalho/Barber maps/node_modules/.pnpm/@ai-sdk+provider@3.0.0/node_modules/@ai-sdk/provider/dist/index").LanguageModelV2CallOptions' is not assignable to type 'import("C:/Users/georg/OneDrive/\u00C1rea de Trabalho/Barber maps/node_modules/.pnpm/@ai-sdk+provider@2.0.0/node_modules/@ai-sdk/provider/dist/index").LanguageModelV2CallOptions'.
              Types of property 'prompt' are incompatible.
                Type 'import("C:/Users/georg/OneDrive/\u00C1rea de Trabalho/Barber maps/node_modules/.pnpm/@ai-sdk+provider@3.0.0/node_modules/@ai-sdk/provider/dist/index").LanguageModelV2Prompt' is not assignable to type 'import("C:/Users/georg/OneDrive/\u00C1rea de Trabalho/Barber maps/node_modules/.pnpm/@ai-sdk+provider@2.0.0/node_modules/@ai-sdk/provider/dist/index").LanguageModelV2Prompt'.
                  Type 'import("C:/Users/georg/OneDrive/\u00C1rea de Trabalho/Barber maps/node_modules/.pnpm/@ai-sdk+provider@3.0.0/node_modules/@ai-sdk/provider/dist/index").LanguageModelV2Message' is not assignable to type 'import("C:/Users/georg/OneDrive/\u00C1rea de Trabalho/Barber maps/node_modules/.pnpm/@ai-sdk+provider@2.0.0/node_modules/@ai-sdk/provider/dist/index").LanguageModelV2Message'.
                    Type '{ role: "system"; content: string; } & { providerOptions?: SharedV2ProviderOptions | undefined; }' is not assignable to type 'LanguageModelV2Message'.
                      Type '{ role: "system"; content: string; } & { providerOptions?: import("C:/Users/georg/OneDrive/\u00C1rea de Trabalho/Barber maps/node_modules/.pnpm/@ai-sdk+provider@3.0.0/node_modules/@ai-sdk/provider/dist/index").SharedV2ProviderOptions | undefined; }' is not assignable to type '{ role: "system"; content: string; } & { providerOptions?: import("C:/Users/georg/OneDrive/\u00C1rea de Trabalho/Barber maps/node_modules/.pnpm/@ai-sdk+provider@2.0.0/node_modules/@ai-sdk/provider/dist/index").SharedV2ProviderOptions | undefined; }'.
                        Type '{ role: "system"; content: string; } & { providerOptions?: SharedV2ProviderOptions | undefined; }' is not assignable to type '{ providerOptions?: SharedV2ProviderOptions | undefined; }'.
                          Types of property 'providerOptions' are incompatible.
                            Type 'import("C:/Users/georg/OneDrive/\u00C1rea de Trabalho/Barber maps/node_modules/.pnpm/@ai-sdk+provider@3.0.0/node_modules/@ai-sdk/provider/dist/index").SharedV2ProviderOptions | undefined' is not assignable to type 'import("C:/Users/georg/OneDrive/\u00C1rea de Trabalho/Barber maps/node_modules/.pnpm/@ai-sdk+provider@2.0.0/node_modules/@ai-sdk/provider/dist/index").SharedV2ProviderOptions | undefined'.
                              Type 'import("C:/Users/georg/OneDrive/\u00C1rea de Trabalho/Barber maps/node_modules/.pnpm/@ai-sdk+provider@3.0.0/node_modules/@ai-sdk/provider/dist/index").SharedV2ProviderOptions' is not assignable to type 'import("C:/Users/georg/OneDrive/\u00C1rea de Trabalho/Barber maps/node_modules/.pnpm/@ai-sdk+provider@2.0.0/node_modules/@ai-sdk/provider/dist/index").SharedV2ProviderOptions'.
                                'string' index signatures are incompatible.
                                  Type 'Record<string, import("C:/Users/georg/OneDrive/\u00C1rea de Trabalho/Barber maps/node_modules/.pnpm/@ai-sdk+provider@3.0.0/node_modules/@ai-sdk/provider/dist/index").JSONValue>' is not assignable to type 'Record<string, import("C:/Users/georg/OneDrive/\u00C1rea de Trabalho/Barber maps/node_modules/.pnpm/@ai-sdk+provider@2.0.0/node_modules/@ai-sdk/provider/dist/index").JSONValue>'.
                                    'string' index signatures are incompatible.
                                      Type 'import("C:/Users/georg/OneDrive/\u00C1rea de Trabalho/Barber maps/node_modules/.pnpm/@ai-sdk+provider@3.0.0/node_modules/@ai-sdk/provider/dist/index").JSONValue' is not assignable to type 'import("C:/Users/georg/OneDrive/\u00C1rea de Trabalho/Barber maps/node_modules/.pnpm/@ai-sdk+provider@2.0.0/node_modules/@ai-sdk/provider/dist/index").JSONValue'.
                                        Type 'JSONObject' is not assignable to type 'JSONValue'.
                                          Type 'JSONObject' is missing the following properties from type 'JSONValue[]': length, pop, push, concat, and 35 more.
app/api/chat/route.ts(12,5): error TS2740: Type 'Promise<ModelMessage[]>' is missing the following properties from type 'ModelMessage[]': length, pop, push, concat, and 35 more.
components/booking-info-sheet.tsx(100,45): error TS7006: Parameter 'phone' implicitly has an 'any' type.
components/booking-info-sheet.tsx(100,52): error TS7006: Parameter 'index' implicitly has an 'any' type.
